<?xml version="1.0" encoding="UTF-8"?>
<atom:entry xmlns:atom="http://www.w3.org/2005/Atom" xmlns:sword="http://purl.org/net/sword/">
   <atom:id/>
   <atom:author>
      <atom:name>Some Body</atom:name>
      <atom:email>some@body.com</atom:email>
   </atom:author>
   <atom:content type="application/zip" src="http://localhost:8080/resources/easy/fileDownloadResource?params={'rootSid':'mock:0','downloadType':'zip','selectedItemList':['*']}"/>
   <atom:generator uri="http://localhost:8080" version="1.3">Easy SWORD Server</atom:generator>
   <atom:link href="http://localhost:8080/datasets/id/mock:0" rel="edit"/>
   <atom:summary type="text">maar een paar bestandjes</atom:summary>
   <atom:title type="text">Sword deposit test</atom:title>
   <atom:updated>2010</atom:updated>
   <atom:category>Humanities</atom:category>
   <sword:treatment>
      &lt;p&gt;Dear Some Body,&lt;/p&gt;
      &lt;p&gt;Thank you very much for submitting your dataset 'Sword deposit test' to DANS EASY. This E-mail contains more information regarding when your dataset will become available to the public, implementation of any changes, your data's permanent discoverability, and the Licence agreement.&lt;/p&gt;
      &lt;h4&gt;Availability to the public&lt;/h4&gt;
      Within a few working days, DANS staff will make your data available to the public in accordance with the conditions indicated by you. DANS guarantees that your data will remain accessible and safely stored for the long term.
      &lt;p&gt;You can follow the status of your dataset in 'My datasets' to see if it is already available to the public. You will see this option in EASY when you log in. Or you may use this direct link: &lt;a href="../"&gt;&lt;/a&gt;&lt;/p&gt;
      &lt;h4&gt;Implementing changes&lt;/h4&gt;
      &lt;p&gt;Should you wish to implement any changes to the metadata or to upload complementary files, either now or in the future, please contact a staff member: &lt;a href="http://www.dans.knaw.nl/en/content/data-archive/help-and-support"&gt;Help and Support&lt;/a&gt;.&lt;/p&gt;
      &lt;h4&gt;Permanent discoverability&lt;/h4&gt;
      &lt;p&gt;You can include the following link in your paper or electronic publication to refer to your dataset:&lt;/p&gt;
      &lt;blockquote&gt;&lt;a href="http://persistent-identifier.nl/?identifier="&gt;http://persistent-identifier.nl/?identifier=&lt;/a&gt;&lt;/blockquote&gt;
      &lt;p&gt;We also ask those who refer to your dataset in their publications to include this link. It contains a 'Persistent Identifier', which is coupled to your dataset and ensures that it will also remain discoverable via the Internet in the long term.&lt;/p&gt;
      &lt;p&gt;Note: This link will not yet work until the day after your dataset becomes available to the public.&lt;/p&gt;
      &lt;h4&gt;Licence agreement&lt;/h4&gt;
      &lt;p&gt;Attached is a copy of the Licence agreement with the terms and conditions which were agreed with DANS when you deposited the data.&lt;/p&gt;&lt;br /&gt;Kind regards, &lt;br /&gt;&lt;br /&gt;&lt;span style="color: #d7392e;"&gt;&lt;strong&gt;Data Archiving and Networked Services (DANS)&lt;br /&gt;&lt;/strong&gt;&lt;/span&gt;DANS promotes sustained access to digital research data.&amp;#160;&lt;br /&gt;Please visit &lt;a href="http://www.dans.knaw.nl/"&gt;www.dans.knaw.nl&lt;/a&gt;&amp;#160;for more information and contact details.&lt;br /&gt;DANS is an institute of KNAW and NWO. &lt;br /&gt;
      </sword:treatment>
   <sword:noOp>false</sword:noOp>
</atom:entry>
