<?xml version="1.0" encoding="UTF-8"?>
<atom:entry xmlns:atom="http://www.w3.org/2005/Atom" xmlns:sword="http://purl.org/net/sword/">
   <atom:id>urn:nbn:nl:ui:1x-xxx-xxxx</atom:id>
   <atom:author>
      <atom:name>Some Body</atom:name>
      <atom:email>some@body.com</atom:email>
   </atom:author>
   <atom:content type="text/html" src="http://mockedhost:8080/ui/datasets/id/mockedStoreID:1"/>
   <atom:generator uri="http://mockedhost:8080/servlet/request" version="1.3">Easy SWORD Server</atom:generator>
   <atom:link href="http://mockedhost:8080/ui/datasets/id/mockedStoreID:1" rel="edit"/>
   <atom:summary type="text">maar een paar bestandjes</atom:summary>
   <atom:title type="text">Sword deposit test</atom:title>
   <atom:updated>2010</atom:updated>
   <atom:category>Humanities</atom:category>
   <sword:treatment>&lt;div&gt;Details are sent to some@body.com&lt;/div&gt;</sword:treatment>
   <sword:verboseDescription>&lt;div&gt; 
      &lt;p&gt;created dataset: mockedStoreID:1&lt;/p&gt; 
      &lt;p&gt;dataset owner: somebody&lt;/p&gt; 
      &lt;p&gt;confirmation and licence mailed to: some@body.com&lt;/p&gt; 
      &lt;p&gt;title; http://purl.org/dc/elements/1.1/; Sword deposit test&lt;/p&gt; 
      &lt;p&gt;creator; http://purl.org/dc/elements/1.1/; joke&lt;/p&gt; 
      &lt;p&gt;description; http://purl.org/dc/elements/1.1/; maar een paar bestandjes&lt;/p&gt; 
      &lt;p&gt;created; http://easy.dans.knaw.nl/easy/easymetadata/eas/; 2010&lt;/p&gt; 
      &lt;p&gt;type; http://purl.org/dc/elements/1.1/; Dataset&lt;/p&gt; 
      &lt;p&gt;identifier; http://purl.org/dc/elements/1.1/; mockedStoreID:1&lt;/p&gt; 
      &lt;p&gt;accessRights; http://purl.org/dc/terms/; OPEN_ACCESS&lt;/p&gt; 
      &lt;p&gt;license; http://purl.org/dc/terms/; accept&lt;/p&gt; 
      &lt;p&gt;audience; http://purl.org/dc/terms/; easy-discipline:2&lt;/p&gt; 
      &lt;p&gt;archived file names: [just-a-file-name]&lt;/p&gt; 
      &lt;/div&gt;</sword:verboseDescription>
   <sword:noOp>true</sword:noOp>
</atom:entry>
