<?xml version="1.0" encoding="UTF-8"?>
<app:service xmlns:atom="http://www.w3.org/2005/Atom" xmlns:app="http://www.w3.org/2007/app" xmlns:sword="http://purl.org/net/sword/" xmlns:dcterms="http://purl.org/dc/terms/">
   <sword:version>1.3</sword:version>
   <sword:verbose>true</sword:verbose>
   <sword:noOp>true</sword:noOp>
   <atom:generator uri="http://mockedhost:8080/servlet/request" version="1.3">Easy SWORD Server</atom:generator>
</app:service>
