<?xml version="1.0" encoding="UTF-8"?>
<atom:entry xmlns:atom="http://www.w3.org/2005/Atom" xmlns:sword="http://purl.org/net/sword/">
   <atom:id>ID: 1</atom:id>
   <atom:author>
      <atom:name>somebody</atom:name>
   </atom:author>
   <atom:content type="application/zip" src="http://www.myrepository.ac.uk/sdl/uploads/upload-1.zip"/>
   <atom:generator uri="http://dummy-sword-server.example.com/" version="1.3">Stuart's Dummy SWORD Server</atom:generator>
   <atom:link href="http://www.myrepository.ac.uk/sdl/workflow/my deposit" rel="edit-media"/>
   <atom:link href="http://www.myrepository.ac.uk/sdl/workflow/my deposit.atom" rel="edit"/>
   <atom:summary type="text">Deposit file contained: </atom:summary>
   <atom:title type="text">DummyServer Deposit: #1</atom:title>
   <atom:updated>2011-04-11T13:28:32Z</atom:updated>
   <atom:category>Category</atom:category>
   <sword:treatment>Short back and sides</sword:treatment>
   <sword:noOp>false</sword:noOp>
</atom:entry>
