<?xml version="1.0" encoding="UTF-8"?>
<atom:entry xmlns:atom="http://www.w3.org/2005/Atom" xmlns:sword="http://purl.org/net/sword/">
   <atom:id>urn:nbn:nl:ui:1x-xxx-xxxx</atom:id>
   <atom:author>
      <atom:name>Some Body</atom:name>
   </atom:author>
   <atom:content type="application/zip" src="http://localhost:8080/resources/easy/fileDownloadResource?params={'rootSid':'mockedStoreID:1','downloadType':'zip','selectedItemList':['*']}"/>
   <atom:generator uri="http://localhost:8080" version="1.3">Easy SWORD Server</atom:generator>
   <atom:link href="http://localhost:8080/datasets/id/mockedStoreID:1" rel="edit"/>
   <atom:summary type="text">maar een paar bestandjes</atom:summary>
   <atom:title type="text">Sword deposit test</atom:title>
   <atom:updated>2010</atom:updated>
   <atom:category>Humanities</atom:category>
   <sword:treatment>
      &lt;p&gt;Dear Some Body,&lt;/p&gt;
      &lt;p&gt;Thank you very much for submitting your dataset 'Sword deposit test' to DANS EASY. This E-mail contains more information regarding when your dataset will become available to the public, implementation of any changes, your data's permanent discoverability, and the Licence agreement.&lt;/p&gt;
      &lt;h4&gt;Availability to the public&lt;/h4&gt;
      Within a few working days, DANS staff will make your data available to the public in accordance with the conditions indicated by you. DANS guarantees that your data will remain accessible and safely stored for the long term.
      &lt;p&gt;You can follow the status of your dataset in 'My datasets' to see if it is already available to the public. You will see this option in EASY when you log in. Or you may use this direct link: &lt;a href="../"&gt;&lt;/a&gt;&lt;/p&gt;
      &lt;h4&gt;Implementing changes&lt;/h4&gt;
      &lt;p&gt;Should you wish to implement any changes to the metadata or to upload complementary files, either now or in the future, please contact a staff member: &lt;a href="http://www.dans.knaw.nl/en/content/data-archive/help-and-support"&gt;Help and Support&lt;/a&gt;.&lt;/p&gt;
      &lt;h4&gt;Permanent discoverability&lt;/h4&gt;
      &lt;p&gt;You can include the following link in your paper or electronic publication to refer to your dataset:&lt;/p&gt;
      &lt;blockquote&gt;&lt;a href="http://persistent-identifier.nl/?identifier=urn:nbn:nl:ui:1x-xxx-xxxx"&gt;http://persistent-identifier.nl/?identifier=urn:nbn:nl:ui:1x-xxx-xxxx&lt;/a&gt;&lt;/blockquote&gt;
      &lt;p&gt;We also ask those who refer to your dataset in their publications to include this link. It contains a 'Persistent Identifier', which is coupled to your dataset and ensures that it will also remain discoverable via the Internet in the long term.&lt;/p&gt;
      &lt;p&gt;Note: This link will not yet work until the day after your dataset becomes available to the public.&lt;/p&gt;
      &lt;h4&gt;Licence agreement&lt;/h4&gt;
      &lt;p&gt;Attached is a copy of the Licence agreement with the terms and conditions which were agreed with DANS when you deposited the data.&lt;/p&gt;&lt;br /&gt;Kind regards, &lt;br /&gt;&lt;br /&gt;&lt;span style="color: #d7392e;"&gt;&lt;strong&gt;Data Archiving and Networked Services (DANS)&lt;br /&gt;&lt;/strong&gt;&lt;/span&gt;DANS promotes sustained access to digital research data.&amp;#160;&lt;br /&gt;Please visit &lt;a href="http://www.dans.knaw.nl/"&gt;www.dans.knaw.nl&lt;/a&gt;&amp;#160;for more information and contact details.&lt;br /&gt;DANS is an institute of KNAW and NWO. &lt;br /&gt;
      </sword:treatment>
   <sword:verboseDescription>&lt;html&gt; &lt;head&gt; &lt;!-- iText 2.0.7 (by lowagie.com) --&gt; &lt;!&gt; &lt;/head&gt; &lt;body leftmargin="36.0" rightmargin="36.0" topmargin="36.0" bottommargin="36.0"&gt; &lt;div&gt; &lt;span style="font-family: unknown; font-size: 24.0pt; font-style: italic; "&gt;Sample&lt;/span&gt; &lt;span style="font-family: unknown; font-size: 24.0pt; "&gt; - Licence Agreement&lt;/span&gt; &lt;/div&gt; &lt;div&gt; &lt;span style="font-family: unknown; font-size: 12.0pt; "&gt;Persistent Identifier: &lt;/span&gt; &lt;span style="font-family: unknown; font-size: 12.0pt; font-style: italic; "&gt;will be assigned after submitting the dataset&lt;/span&gt; &lt;/div&gt; &lt;div&gt; &lt;span style="font-family: unknown; font-size: 12.0pt; "&gt;Deposit date: 2011-08-29&lt;/span&gt; &lt;/div&gt; &lt;div&gt; &lt;span style="font-family: unknown; font-size: 12.0pt; "&gt;&amp;#160;&lt;/span&gt; &lt;/div&gt; &lt;div&gt; &lt;/div&gt; &lt;div&gt; &lt;span style="font-family: unknown; font-size: 12.0pt; "&gt;Licence Agreement relating to&lt;/span&gt; &lt;/div&gt; &lt;div&gt; &lt;span style="font-family: unknown; font-size: 12.0pt; "&gt;Title of the study/research:&lt;/span&gt; &lt;/div&gt; &lt;div&gt; &lt;/div&gt; &lt;div&gt; &lt;span style="font-family: unknown; font-size: 12.0pt; font-style: italic; "&gt;&amp;quot;Sword deposit test&amp;quot;&lt;/span&gt; &lt;/div&gt; &lt;div&gt; &lt;/div&gt; &lt;div&gt; &lt;span style="font-family: unknown; font-size: 12.0pt; "&gt;&amp;#160;&lt;/span&gt; &lt;/div&gt; &lt;div&gt; &lt;/div&gt; &lt;div&gt; &lt;span style="font-family: unknown; font-size: 12.0pt; "&gt;The following parties are involved in this Licence Agreement:&lt;/span&gt; &lt;/div&gt; &lt;ol&gt; &lt;li&gt; &lt;span style="font-family: unknown; font-size: 12.0pt; "&gt;The organisation or person authorised to transfer and deposit the digital dataset(s), hereafter referred to as &lt;/span&gt; &lt;span style="font-family: unknown; font-size: 12.0pt; font-style: italic; "&gt;the Depositor&lt;/span&gt;&lt;br /&gt; &lt;/li&gt; &lt;li&gt; &lt;span style="font-family: unknown; font-size: 12.0pt; "&gt;The organisation that is authorised to archive and manage the digital dataset(s), hereafter referred to as &lt;/span&gt; &lt;span style="font-family: unknown; font-size: 12.0pt; font-style: italic; "&gt;the Repository&lt;/span&gt;&lt;br /&gt; &lt;/li&gt; &lt;/ol&gt; &lt;div&gt; &lt;span style="font-family: unknown; font-size: 12.0pt; "&gt;&amp;#160;&lt;/span&gt; &lt;/div&gt; &lt;div&gt; &lt;/div&gt; &lt;div&gt; &lt;span style="font-family: unknown; font-size: 12.0pt; "&gt;The &lt;/span&gt; &lt;span style="font-family: unknown; font-size: 12.0pt; font-weight: bold; "&gt;Depositor&lt;/span&gt; &lt;span style="font-family: unknown; font-size: 12.0pt; "&gt; is:&lt;/span&gt; &lt;/div&gt; &lt;div&gt; &lt;span style="font-family: unknown; font-size: 12.0pt; font-style: italic; "&gt;Name: &lt;/span&gt; &lt;span style="font-family: unknown; font-size: 12.0pt; "&gt; Some Body&lt;/span&gt; &lt;/div&gt; &lt;div&gt; &lt;span style="font-family: unknown; font-size: 12.0pt; font-style: italic; "&gt;Organisation: &lt;/span&gt; &lt;/div&gt; &lt;div&gt; &lt;span style="font-family: unknown; font-size: 12.0pt; font-style: italic; "&gt;Postal address: &lt;/span&gt; &lt;/div&gt; &lt;div&gt; &lt;span style="font-family: unknown; font-size: 12.0pt; font-style: italic; "&gt;Postal code: &lt;/span&gt; &lt;/div&gt; &lt;div&gt; &lt;span style="font-family: unknown; font-size: 12.0pt; font-style: italic; "&gt;Town/city: &lt;/span&gt; &lt;/div&gt; &lt;div&gt; &lt;span style="font-family: unknown; font-size: 12.0pt; font-style: italic; "&gt;Country: &lt;/span&gt; &lt;/div&gt; &lt;div&gt; &lt;span style="font-family: unknown; font-size: 12.0pt; font-style: italic; "&gt;Tel.: &lt;/span&gt; &lt;/div&gt; &lt;div&gt; &lt;span style="font-family: unknown; font-size: 12.0pt; font-style: italic; "&gt;E-mail: &lt;/span&gt; &lt;span style="font-family: unknown; font-size: 12.0pt; "&gt; some@body.com&lt;/span&gt; &lt;/div&gt; &lt;div&gt; &lt;span style="font-family: unknown; font-size: 12.0pt; "&gt;&amp;#160;&lt;/span&gt; &lt;/div&gt; &lt;div&gt; &lt;/div&gt; &lt;div&gt; &lt;span style="font-family: unknown; font-size: 12.0pt; "&gt;The &lt;/span&gt; &lt;span style="font-family: unknown; font-size: 12.0pt; font-weight: bold; "&gt;Repository&lt;/span&gt; &lt;span style="font-family: unknown; font-size: 12.0pt; "&gt; is:&lt;/span&gt; &lt;/div&gt; &lt;div&gt; &lt;span style="font-family: unknown; font-size: 12.0pt; font-style: italic; "&gt;Organisation: &lt;/span&gt; &lt;span style="font-family: unknown; font-size: 12.0pt; "&gt; DANS, Data Archiving and Networked Services, on behalf of KNAW (Royal Netherlands Academy of Arts and Sciences) &lt;/span&gt; &lt;/div&gt; &lt;div&gt; &lt;span style="font-family: unknown; font-size: 12.0pt; font-style: italic; "&gt;Represented by: &lt;/span&gt; &lt;span style="font-family: unknown; font-size: 12.0pt; "&gt; Dr. P.K. Doorn, Director&lt;/span&gt; &lt;/div&gt; &lt;div&gt; &lt;span style="font-family: unknown; font-size: 12.0pt; font-style: italic; "&gt;Postal address: &lt;/span&gt; &lt;span style="font-family: unknown; font-size: 12.0pt; "&gt; P.O. Box 93067&lt;/span&gt; &lt;/div&gt; &lt;div&gt; &lt;span style="font-family: unknown; font-size: 12.0pt; font-style: italic; "&gt;Postal code: &lt;/span&gt; &lt;span style="font-family: unknown; font-size: 12.0pt; "&gt; 2509 AB&lt;/span&gt; &lt;/div&gt; &lt;div&gt; &lt;span style="font-family: unknown; font-size: 12.0pt; font-style: italic; "&gt;Town/city: &lt;/span&gt; &lt;span style="font-family: unknown; font-size: 12.0pt; "&gt; The Hague&lt;/span&gt; &lt;/div&gt; &lt;div&gt; &lt;span style="font-family: unknown; font-size: 12.0pt; font-style: italic; "&gt;Country: &lt;/span&gt; &lt;span style="font-family: unknown; font-size: 12.0pt; "&gt; The Netherlands&lt;/span&gt; &lt;/div&gt; &lt;div&gt; &lt;span style="font-family: unknown; font-size: 12.0pt; font-style: italic; "&gt;Tel.: &lt;/span&gt; &lt;span style="font-family: unknown; font-size: 12.0pt; "&gt; +31 (0)70 349 4450&lt;/span&gt; &lt;/div&gt; &lt;div&gt; &lt;span style="font-family: unknown; font-size: 12.0pt; font-style: italic; "&gt;E-mail: &lt;/span&gt; &lt;span style="font-family: unknown; font-size: 12.0pt; "&gt; info@dans.knaw.nl&lt;/span&gt; &lt;/div&gt; &lt;div&gt; &lt;span style="font-family: unknown; font-size: 12.0pt; "&gt;&amp;#160;&lt;/span&gt; &lt;/div&gt; &lt;div&gt; &lt;/div&gt; &lt;div&gt; &lt;span style="font-family: unknown; font-size: 12.0pt; "&gt;DANS is an institute under the auspices of the Royal Netherlands Academy of Arts and Sciences (KNAW) which is also supported by the Netherlands Organisation for Scientific Research (NWO). DANS is based in The Hague&lt;/span&gt; &lt;/div&gt; &lt;div&gt; &lt;span style="font-family: unknown; font-size: 12.0pt; "&gt;&amp;#160;&lt;/span&gt; &lt;/div&gt; &lt;div&gt; &lt;/div&gt; &lt;div&gt; &lt;span style="font-family: unknown; font-size: 12.0pt; "&gt;&amp;#160;&lt;/span&gt; &lt;/div&gt; &lt;div&gt; &lt;/div&gt; &lt;div&gt; &lt;span style="font-family: unknown; font-size: 12.0pt; "&gt;This Licence Agreement is subject to the following provisions: &lt;/span&gt; &lt;/div&gt; &lt;div&gt; &lt;span style="font-family: unknown; font-size: 12.0pt; "&gt;&amp;#160;&lt;/span&gt; &lt;/div&gt; &lt;div&gt; &lt;/div&gt; &lt;div&gt; &lt;span style="font-family: unknown; font-size: 12.0pt; font-weight: bold; "&gt;1. Licence&lt;/span&gt; &lt;/div&gt; &lt;ul&gt; &lt;li&gt; &lt;span style="font-family: unknown; font-size: 12.0pt; "&gt;The Depositor grants the Repository a non-exclusive licence for digital data files, hereafter referred to as 'dataset'. &lt;/span&gt;&lt;br /&gt; &lt;/li&gt; &lt;li&gt; &lt;span style="font-family: unknown; font-size: 12.0pt; "&gt;The Repository is authorised to include the dataset in its data archive. The Repository shall transfer the content of the dataset to an available carrier, through any method and in any form. &lt;/span&gt;&lt;br /&gt; &lt;/li&gt; &lt;li&gt; &lt;span style="font-family: unknown; font-size: 12.0pt; "&gt;The Repository is authorised to make the dataset (or substantial parts thereof) available to third parties by means of on-line transmission. In addition, the Repository has the right, on the instruction of third parties or otherwise, to make a copy of the dataset or to grant third parties permission to download a copy. &lt;/span&gt;&lt;br /&gt; &lt;/li&gt; &lt;/ul&gt; &lt;div&gt; &lt;span style="font-family: unknown; font-size: 12.0pt; "&gt;&amp;#160;&lt;/span&gt; &lt;/div&gt; &lt;div&gt; &lt;/div&gt; &lt;div&gt; &lt;span style="font-family: unknown; font-size: 12.0pt; font-weight: bold; "&gt;2. The Depositor&lt;/span&gt; &lt;/div&gt; &lt;ul&gt; &lt;li&gt; &lt;span style="font-family: unknown; font-size: 12.0pt; "&gt;The Depositor declares that he is a holder of rights to the dataset, or the only holder of rights to the dataset, under the Databases act (&lt;/span&gt; &lt;span style="font-family: unknown; font-size: 12.0pt; font-style: italic; "&gt;Databankenwet&lt;/span&gt; &lt;span style="font-family: unknown; font-size: 12.0pt; "&gt;) and where relevant the Copyright Act (&lt;/span&gt; &lt;span style="font-family: unknown; font-size: 12.0pt; font-style: italic; "&gt;Auteurswet&lt;/span&gt; &lt;span style="font-family: unknown; font-size: 12.0pt; "&gt;) or otherwise, and/or is entitled to act in the present matter with the permission of other parties that hold rights. &lt;/span&gt;&lt;br /&gt; &lt;/li&gt; &lt;li&gt; &lt;span style="font-family: unknown; font-size: 12.0pt; "&gt;The Depositor indemnifies the Repository against all claims made by other parties against the Repository with regard to the dataset, the transfer of the dataset, and the form and/or content of the dataset. &lt;/span&gt;&lt;br /&gt; &lt;/li&gt; &lt;/ul&gt; &lt;div&gt; &lt;span style="font-family: unknown; font-size: 12.0pt; "&gt;&amp;#160;&lt;/span&gt; &lt;/div&gt; &lt;div&gt; &lt;/div&gt; &lt;div&gt; &lt;span style="font-family: unknown; font-size: 12.0pt; font-weight: bold; "&gt;3. The Repository&lt;/span&gt; &lt;/div&gt; &lt;ul&gt; &lt;li&gt; &lt;span style="font-family: unknown; font-size: 12.0pt; "&gt;The Repository shall ensure, to the best of its ability and resources, that the deposited dataset is archived in a sustainable manner and remains legible and accessible. &lt;/span&gt;&lt;br /&gt; &lt;/li&gt; &lt;li&gt; &lt;span style="font-family: unknown; font-size: 12.0pt; "&gt;The Repository shall, as far as possible, preserve the dataset unchanged in its original software format, taking account of current technology and the costs of implementation. The Repository has the right to modify the format and/or functionality of the dataset if this is necessary in order to facilitate the digital sustainability, distribution or re-use of the dataset. &lt;/span&gt;&lt;br /&gt; &lt;/li&gt; &lt;li&gt; &lt;span style="font-family: unknown; font-size: 12.0pt; "&gt;If the access categories &amp;quot;Restricted Access&amp;quot; or &amp;quot;Other Access&amp;quot;, as specified at the end of this Agreement, are selected, the Repository shall, to the best of its ability and resources, ensure that effective technical and other measures are in place to prevent unauthorised third parties from gaining access to and/or consulting the dataset or substantial parts thereof. &lt;/span&gt;&lt;br /&gt; &lt;/li&gt; &lt;/ul&gt; &lt;div&gt; &lt;span style="font-family: unknown; font-size: 12.0pt; "&gt;&amp;#160;&lt;/span&gt; &lt;/div&gt; &lt;div&gt; &lt;/div&gt; &lt;div&gt; &lt;span style="font-family: unknown; font-size: 12.0pt; font-weight: bold; "&gt;4. The dataset&lt;/span&gt; &lt;/div&gt; &lt;ul&gt; &lt;li&gt; &lt;span style="font-family: unknown; font-size: 12.0pt; "&gt;The dataset to which the licence relates is specified in the appendix to this Agreement. The appendix forms an integral part of this Agreement. &lt;/span&gt;&lt;br /&gt; &lt;/li&gt; &lt;li&gt; &lt;span style="font-family: unknown; font-size: 12.0pt; "&gt;The Depositor declares that the dataset corresponds to the specification provided. &lt;/span&gt;&lt;br /&gt; &lt;/li&gt; &lt;li&gt; &lt;span style="font-family: unknown; font-size: 12.0pt; "&gt;The Depositor declares that the dataset contains no data or other elements that are contrary to Dutch law. &lt;/span&gt;&lt;br /&gt; &lt;/li&gt; &lt;li&gt; &lt;span style="font-family: unknown; font-size: 12.0pt; "&gt;The Depositor indemnifies the Repository against all claims by third parties relating to the content of the dataset. &lt;/span&gt;&lt;br /&gt; &lt;/li&gt; &lt;li&gt; &lt;span style="font-family: unknown; font-size: 12.0pt; "&gt;The Depositor will supply the dataset by means of a method and medium deemed acceptable by the Repository. &lt;/span&gt;&lt;br /&gt; &lt;/li&gt; &lt;/ul&gt; &lt;div&gt; &lt;span style="font-family: unknown; font-size: 12.0pt; "&gt;&amp;#160;&lt;/span&gt; &lt;/div&gt; &lt;div&gt; &lt;/div&gt; &lt;div&gt; &lt;span style="font-family: unknown; font-size: 12.0pt; font-weight: bold; "&gt;5. Removal of datasets / changes to access conditions &lt;/span&gt; &lt;/div&gt; &lt;ul&gt; &lt;li&gt; &lt;span style="font-family: unknown; font-size: 12.0pt; "&gt;If sufficient weighty grounds exist, the Depositor has the right to request the Repository not to make the dataset available for a temporary period or permanently. In such cases, the Repository shall retain the dataset in the data archive, but shall no longer allow third parties to access the dataset or substantial parts thereof. &lt;/span&gt;&lt;br /&gt; &lt;/li&gt; &lt;li&gt; &lt;span style="font-family: unknown; font-size: 12.0pt; "&gt;If sufficient weighty grounds exist, the Repository has the right to remove the dataset from the archive wholly or in part, or to restrict or prevent access to the dataset on a temporary or permanent basis. The Repository shall inform the Depositor in such cases. &lt;/span&gt;&lt;br /&gt; &lt;/li&gt; &lt;/ul&gt; &lt;div&gt; &lt;span style="font-family: unknown; font-size: 12.0pt; "&gt; &amp;#160; &lt;/span&gt; &lt;/div&gt; &lt;div&gt; &lt;/div&gt; &lt;div&gt; &lt;span style="font-family: unknown; font-size: 12.0pt; font-weight: bold; "&gt;6. Availability to third parties:&lt;/span&gt; &lt;/div&gt; &lt;ul&gt; &lt;li&gt; &lt;span style="font-family: unknown; font-size: 12.0pt; "&gt;The Repository shall make the dataset available to third parties in accordance with the access conditions agreed with the Depositor: &amp;quot;Open access&amp;quot;, &amp;quot;Restricted access&amp;quot; or &amp;quot;Other access&amp;quot;. Access conditions may vary between parts of the dataset. &lt;/span&gt;&lt;br /&gt; &lt;/li&gt; &lt;li&gt; &lt;span style="font-family: unknown; font-size: 12.0pt; "&gt;The Repository shall make the dataset available only to third parties who have agreed to comply with the conditions of use. Unless agreed otherwise with the Depositor, the use of datasets is subject to the General Conditions of Use laid down by the Repository. &lt;/span&gt;&lt;br /&gt; &lt;/li&gt; &lt;li&gt; &lt;span style="font-family: unknown; font-size: 12.0pt; "&gt;If the access category &amp;quot;Restricted Access&amp;quot; has been agreed, the Repository shall make the dataset available only to the persons and/or organisations specified by the Depositor. &lt;/span&gt;&lt;br /&gt; &lt;/li&gt; &lt;li&gt; &lt;span style="font-family: unknown; font-size: 12.0pt; "&gt;If a dataset to which the access category &amp;quot;Restricted Access&amp;quot; or &amp;quot;Other Access&amp;quot; apply contain, as evidenced by the specification provided by the Depositor, personal data as referred to in the Personal Data Protection Act of The Netherlands (WBP;&lt;/span&gt; &lt;span style="font-family: unknown; font-size: 12.0pt; font-style: italic; "&gt;Bescherming Persoonsgegevens&lt;/span&gt; &lt;span style="font-family: unknown; font-size: 12.0pt; "&gt;, Act of 6 July 2000, Bulletin of Acts and Decrees 302, Article 9 paragraph 3 and Article 23 paragraph 2), the Repository shall make the dataset available only if this is permitted by law, which in any case should be taken to include making the dataset available for the purpose of historical, statistical or scientific research. &lt;/span&gt;&lt;br /&gt; &lt;/li&gt; &lt;li&gt; &lt;span style="font-family: unknown; font-size: 12.0pt; "&gt;Notwithstanding the above, the Repository can make the dataset (or substantial parts thereof) available to third parties: &lt;/span&gt;&lt;br /&gt; &lt;/li&gt; &lt;ul&gt; &lt;li&gt; &lt;span style="font-family: unknown; font-size: 12.0pt; "&gt;if the Repository is required to do so by legislation or regulations, a court decision, or by a regulatory or other institution &lt;/span&gt;&lt;br /&gt; &lt;/li&gt; &lt;li&gt; &lt;span style="font-family: unknown; font-size: 12.0pt; "&gt;if this is necessary for the preservation of the dataset and/or the data archive &lt;/span&gt;&lt;br /&gt; &lt;/li&gt; &lt;li&gt; &lt;span style="font-family: unknown; font-size: 12.0pt; "&gt;(to a similar institution) if the Repository ceases to exist and/or its activities in the field of data-archiving are terminated &lt;/span&gt;&lt;br /&gt; &lt;/li&gt; &lt;/ul&gt; &lt;li&gt; &lt;span style="font-family: unknown; font-size: 12.0pt; "&gt;The Repository shall publish the metadata and make them freely available, on the basis of the documentation that the Depositor provides with the dataset. The term metadata refers to the information that describes the digital files. Other documentation that relates to the dataset and is provided by the Depositor shall be published and made freely available, unless the Depositor has specified that certain documents must not be made freely available. Documents that contain personal data as referred to in the Personal Data Protection Act of the Netherlands (&lt;/span&gt; &lt;span style="font-family: unknown; font-size: 12.0pt; font-style: italic; "&gt;Wet Bescherming Persoonsgegevens&lt;/span&gt; &lt;span style="font-family: unknown; font-size: 12.0pt; "&gt;) will not be made freely available. &lt;/span&gt;&lt;br /&gt; &lt;/li&gt; &lt;li&gt; &lt;span style="font-family: unknown; font-size: 12.0pt; "&gt;The general information about the research and the metadata relating to the dataset shall be included in the Repository's databases and publications that are freely accessible to all persons. &lt;/span&gt;&lt;br /&gt; &lt;/li&gt; &lt;/ul&gt; &lt;div&gt; &lt;span style="font-family: unknown; font-size: 12.0pt; "&gt;&amp;#160;&lt;/span&gt; &lt;/div&gt; &lt;div&gt; &lt;/div&gt; &lt;div&gt; &lt;span style="font-family: unknown; font-size: 12.0pt; font-weight: bold; "&gt;7. Provisions relating to use by third parties&lt;/span&gt; &lt;/div&gt; &lt;ul&gt; &lt;li&gt; &lt;span style="font-family: unknown; font-size: 12.0pt; "&gt;The Repository shall require third parties to whom the dataset (or substantial parts thereof) is made available to include in the research results a clear reference to the dataset from which data have been used. The reference must comply with the DANS General Conditions of Use. &lt;/span&gt;&lt;br /&gt; &lt;/li&gt; &lt;li&gt; &lt;span style="font-family: unknown; font-size: 12.0pt; "&gt;The Repository shall require parties to which a dataset is made available to grant a non-exclusive licence for the dataset(s) they create using the dataset that has been made available. &lt;/span&gt;&lt;br /&gt; &lt;/li&gt; &lt;/ul&gt; &lt;div&gt; &lt;span style="font-family: unknown; font-size: 12.0pt; "&gt;&amp;#160;&lt;/span&gt; &lt;/div&gt; &lt;div&gt; &lt;/div&gt; &lt;div&gt; &lt;span style="font-family: unknown; font-size: 12.0pt; font-weight: bold; "&gt;8. Death of the Depositor&lt;/span&gt; &lt;/div&gt; &lt;div&gt; &lt;span style="font-family: unknown; font-size: 12.0pt; "&gt;Following the death of the Depositor, or in the event that the Depositor's organisation ceases to exist, datasets in the 'Restricted Access' category shall automatically be transferred to the 'Open Access' category. This is not applicable if the dataset contains personal data as referred to in the Personal Data Protection Act of the Netherlands (&lt;/span&gt; &lt;span style="font-family: unknown; font-size: 12.0pt; font-style: italic; "&gt;Wet Bescherming Persoonsgegevens&lt;/span&gt; &lt;span style="font-family: unknown; font-size: 12.0pt; "&gt;) &lt;/span&gt; &lt;/div&gt; &lt;div&gt; &lt;span style="font-family: unknown; font-size: 12.0pt; "&gt;&amp;#160;&lt;/span&gt; &lt;/div&gt; &lt;div&gt; &lt;/div&gt; &lt;div&gt; &lt;span style="font-family: unknown; font-size: 12.0pt; font-weight: bold; "&gt;9. Liability &lt;/span&gt; &lt;/div&gt; &lt;ul&gt; &lt;li&gt; &lt;span style="font-family: unknown; font-size: 12.0pt; "&gt;The Repository accepts no liability in the event that all or part of a dataset is lost. &lt;/span&gt;&lt;br /&gt; &lt;/li&gt; &lt;li&gt; &lt;span style="font-family: unknown; font-size: 12.0pt; "&gt;The Repository accepts no liability for any damage or losses resulting from acts or omissions by third parties to whom the Repository has made the dataset available. &lt;/span&gt;&lt;br /&gt; &lt;/li&gt; &lt;/ul&gt; &lt;div&gt; &lt;span style="font-family: unknown; font-size: 12.0pt; "&gt;&amp;#160;&lt;/span&gt; &lt;/div&gt; &lt;div&gt; &lt;/div&gt; &lt;div&gt; &lt;span style="font-family: unknown; font-size: 12.0pt; font-weight: bold; "&gt;10. Term and termination of the Agreement&lt;/span&gt; &lt;/div&gt; &lt;ul&gt; &lt;li&gt; &lt;span style="font-family: unknown; font-size: 12.0pt; "&gt;This Agreement shall come into effect on the date on which the Repository receives the dataset (hereafter the deposit date) and shall remain valid for an indefinite period. Cancellation of this Agreement is subject to a period of notice of six months, and notice shall be given in writing. It is possible to change the agreed access category at any time during the term of the Agreement. &lt;/span&gt;&lt;br /&gt; &lt;/li&gt; &lt;li&gt; &lt;span style="font-family: unknown; font-size: 12.0pt; "&gt;Notwithstanding point (a), this Agreement shall end when the dataset is removed from the data archive in accordance with Article 5 of this Agreement. &lt;/span&gt;&lt;br /&gt; &lt;/li&gt; &lt;li&gt; &lt;span style="font-family: unknown; font-size: 12.0pt; "&gt;If the Repository ceases to exist or terminates its data-archiving activities, the Repository shall attempt to transfer the data files to a similar organisation that will continue the Agreement with the Depositor under similar conditions if possible. &lt;/span&gt;&lt;br /&gt; &lt;/li&gt; &lt;/ul&gt; &lt;div&gt; &lt;span style="font-family: unknown; font-size: 12.0pt; "&gt;&amp;#160;&lt;/span&gt; &lt;/div&gt; &lt;div&gt; &lt;/div&gt; &lt;div&gt; &lt;span style="font-family: unknown; font-size: 12.0pt; font-weight: bold; "&gt;11. Jurisdiction&lt;/span&gt; &lt;/div&gt; &lt;div&gt; &lt;span style="font-family: unknown; font-size: 12.0pt; "&gt;DANS is entitled, but not obliged, to act independently against violations of the Copyright Act (&lt;/span&gt; &lt;span style="font-family: unknown; font-size: 12.0pt; font-style: italic; "&gt;Auteurswet&lt;/span&gt; &lt;span style="font-family: unknown; font-size: 12.0pt; "&gt;) and/or any other intellectual property right of the holder(s) of rights to the dataset and/or the data from the dataset. &lt;/span&gt; &lt;/div&gt; &lt;div&gt; &lt;span style="font-family: unknown; font-size: 12.0pt; "&gt;&amp;#160;&lt;/span&gt; &lt;/div&gt; &lt;div&gt; &lt;/div&gt; &lt;div&gt; &lt;span style="font-family: unknown; font-size: 12.0pt; font-weight: bold; "&gt;12. Applicable law&lt;/span&gt; &lt;/div&gt; &lt;div&gt; &lt;span style="font-family: unknown; font-size: 12.0pt; "&gt;Dutch law is applicable to this agreement.&lt;/span&gt; &lt;/div&gt; &lt;div&gt; &lt;span style="font-family: unknown; font-size: 12.0pt; "&gt;&amp;#160;&lt;/span&gt; &lt;/div&gt; &lt;div&gt; &lt;/div&gt; &lt;div&gt; &lt;span style="font-family: unknown; font-size: 12.0pt; "&gt;&amp;#160;&lt;/span&gt; &lt;/div&gt; &lt;div&gt; &lt;/div&gt; &lt;div&gt; &lt;span style="font-family: unknown; font-size: 12.0pt; font-weight: bold; "&gt;Access categories for datasets:&lt;/span&gt; &lt;/div&gt; &lt;div&gt; &lt;span style="font-family: unknown; font-size: 12.0pt; "&gt;&amp;#160;&lt;/span&gt; &lt;/div&gt; &lt;div&gt; &lt;/div&gt; &lt;div&gt; &lt;span style="font-family: unknown; font-size: 12.0pt; "&gt;The Repository is permitted to distribute the dataset and make it available by means of the method mentioned below and, if indicated below making use of the additional option Embargo. &lt;/span&gt; &lt;/div&gt; &lt;div&gt; &lt;span style="font-family: unknown; font-size: 12.0pt; "&gt;&amp;#160;&lt;/span&gt; &lt;/div&gt; &lt;div&gt; &lt;/div&gt; &lt;div&gt; &lt;span style="font-family: unknown; font-size: 12.0pt; "&gt;You have chosen:&lt;/span&gt; &lt;/div&gt; &lt;div&gt; &lt;span style="font-family: unknown; font-size: 12.0pt; font-weight: bold; "&gt;[Open Access: unrestricted access] &lt;/span&gt; &lt;/div&gt; &lt;div&gt; &lt;span style="font-family: unknown; font-size: 12.0pt; "&gt;The Repository is permitted to make the dataset available to all persons, legal entities and organisations registered with the Repository. &lt;/span&gt; &lt;/div&gt; &lt;div&gt; &lt;span style="font-family: unknown; font-size: 12.0pt; "&gt;&amp;#160;&lt;/span&gt; &lt;/div&gt; &lt;div&gt; &lt;/div&gt; &lt;div&gt; &lt;span style="font-family: unknown; font-size: 12.0pt; "&gt;&amp;#160;&lt;/span&gt; &lt;/div&gt; &lt;div&gt; &lt;/div&gt; &lt;div&gt; &lt;span style="font-family: unknown; font-size: 12.0pt; "&gt;The Depositor hereby agrees to the above provisions and the general code(s) of conduct referred to in this document. &lt;/span&gt; &lt;/div&gt; &lt;div&gt; &lt;span style="font-family: unknown; font-size: 12.0pt; "&gt;&amp;#160;&lt;/span&gt; &lt;/div&gt; &lt;div&gt; &lt;/div&gt; &lt;div&gt; &lt;span style="font-family: unknown; font-size: 12.0pt; "&gt;&amp;#160;&lt;/span&gt; &lt;/div&gt; &lt;div&gt; &lt;/div&gt; &lt;div&gt; &lt;span style="font-family: unknown; font-size: 12.0pt; "&gt;List of all metadata provided for this dataset at 2011-08-29 14:42:08&lt;/span&gt; &lt;/div&gt; &lt;table width="80.0%" align="Center" cellpadding="3.0" cellspacing="0.0" border="1.0"&gt; &lt;tr&gt; &lt;td border="0.5" width="0"&gt; &lt;span&gt;Title &lt;/span&gt; &lt;/td&gt; &lt;td border="0.5" width="0"&gt; &lt;span&gt;Sword deposit test &lt;/span&gt; &lt;/td&gt; &lt;/tr&gt; &lt;tr&gt; &lt;td border="0.5" width="0"&gt; &lt;span&gt;Creator &lt;/span&gt; &lt;/td&gt; &lt;td border="0.5" width="0"&gt; &lt;span&gt;joke &lt;/span&gt; &lt;/td&gt; &lt;/tr&gt; &lt;tr&gt; &lt;td border="0.5" width="0"&gt; &lt;span&gt;Description &lt;/span&gt; &lt;/td&gt; &lt;td border="0.5" width="0"&gt; &lt;span&gt;maar een paar bestandjes &lt;/span&gt; &lt;/td&gt; &lt;/tr&gt; &lt;tr&gt; &lt;td border="0.5" width="0"&gt; &lt;span&gt;Date created &lt;/span&gt; &lt;/td&gt; &lt;td border="0.5" width="0"&gt; &lt;span&gt;2010 &lt;/span&gt; &lt;/td&gt; &lt;/tr&gt; &lt;tr&gt; &lt;td border="0.5" width="0"&gt; &lt;span&gt;Type &lt;/span&gt; &lt;/td&gt; &lt;td border="0.5" width="0"&gt; &lt;span&gt;Dataset &lt;/span&gt; &lt;/td&gt; &lt;/tr&gt; &lt;tr&gt; &lt;td border="0.5" width="0"&gt; &lt;span&gt;Access rights &lt;/span&gt; &lt;/td&gt; &lt;td border="0.5" width="0"&gt; &lt;span&gt;Open &lt;/span&gt; &lt;/td&gt; &lt;/tr&gt; &lt;tr&gt; &lt;td border="0.5" width="0"&gt; &lt;span&gt;License &lt;/span&gt; &lt;/td&gt; &lt;td border="0.5" width="0"&gt; &lt;span&gt;accept &lt;/span&gt; &lt;/td&gt; &lt;/tr&gt; &lt;tr&gt; &lt;td border="0.5" width="0"&gt; &lt;span&gt;Audience &lt;/span&gt; &lt;/td&gt; &lt;td border="0.5" width="0"&gt; &lt;span&gt;Humanities &lt;/span&gt; &lt;/td&gt; &lt;/tr&gt; &lt;/table&gt; &lt;div&gt;No uploaded files. &lt;/div&gt; &lt;/body&gt; &lt;/html&gt;</sword:verboseDescription>
   <sword:noOp>true</sword:noOp>
</atom:entry>
