<?xml version="1.0" encoding="UTF-8"?>
<atom:entry xmlns:atom="http://www.w3.org/2005/Atom" xmlns:sword="http://purl.org/net/sword/">
   <atom:id>urn:nbn:nl:ui:1x-xxx-xxxx</atom:id>
   <atom:author>
      <atom:name>Some Body</atom:name>
      <atom:email>some@body.com</atom:email>
   </atom:author>
   <atom:content type="text/html" src="/ui/datasets/id/mockedStoreID:1"/>
   <atom:generator uri="http://mockedhost:8080/servlet/request" version="1.3">Easy SWORD Server</atom:generator>
   <atom:link href="/ui/datasets/id/mockedStoreID:1" rel="edit"/>
   <atom:summary type="text">test</atom:summary>
   <atom:title type="text">meta data with spatial info</atom:title>
   <atom:updated>2012-02-28;2012-02-28;2012-02-28</atom:updated>
   <atom:category>Humanities</atom:category>
   <sword:treatment>&lt;div&gt;Details are sent to some@body.com&lt;/div&gt;</sword:treatment>
   <sword:noOp>true</sword:noOp>
</atom:entry>
