<?xml version="1.0" encoding="UTF-8"?>
<atom:entry xmlns:atom="http://www.w3.org/2005/Atom" xmlns:sword="http://purl.org/net/sword/">
   <atom:id/>
   <atom:author>
      <atom:name>Some Body</atom:name>
      <atom:email>some@body.com</atom:email>
   </atom:author>
   <atom:content type="text/html" src="http://mockedhost:8080/ui/datasets/id/mock:0"/>
   <atom:generator uri="http://mockedhost:8080/servlet/request" version="1.3">Easy SWORD Server</atom:generator>
   <atom:link href="http://mockedhost:8080/ui/datasets/id/mock:0" rel="edit"/>
   <atom:summary type="text">maar een paar bestandjes</atom:summary>
   <atom:title type="text">Sword deposit test</atom:title>
   <atom:updated>2010</atom:updated>
   <atom:category>Humanities, Humanities</atom:category>
   <sword:treatment>&lt;div&gt;Details are sent to some@body.com&lt;/div&gt;</sword:treatment>
   <sword:noOp>false</sword:noOp>
</atom:entry>
