<?xml version="1.0" encoding="UTF-8"?>
<app:service xmlns:atom="http://www.w3.org/2005/Atom" xmlns:app="http://www.w3.org/2007/app" xmlns:sword="http://purl.org/net/sword/" xmlns:dcterms="http://purl.org/dc/terms/">
   <sword:version>1.3</sword:version>
   <sword:verbose>true</sword:verbose>
   <sword:noOp>true</sword:noOp>
   <atom:generator uri="http://mockedhost:8080/servlet/request" version="1.3">Easy SWORD Server</atom:generator>
   <app:workspace>
      <atom:title type="text">DANS sword interface</atom:title>
      <app:collection href="http://mockedhost:8080/deposit">
         <atom:title type="text">EASY</atom:title>
         <app:accept>application/zip</app:accept>
         <sword:acceptPackaging q="1.0">http://easy.dans.knaw.nl/schemas/index.xml</sword:acceptPackaging>
         <sword:acceptPackaging q="0.0">https://www.dropbox.com/s/8xzzkqztq6c2nh3/SwordPackaging.html</sword:acceptPackaging>
         <sword:collectionPolicy>&lt;div&gt;No guarantee of service, or that deposits will be retained for any length of time.&lt;/div&gt;</sword:collectionPolicy>
         <dcterms:abstract>&lt;div&gt;Electronic Archive System, accepts deposits by users registered on http://mockedhost:8080/ui/&lt;/div&gt;</dcterms:abstract>
         <sword:mediation>false</sword:mediation>
         <sword:treatment>&lt;div&gt;This is a test server&lt;/div&gt;</sword:treatment>
      </app:collection>
   </app:workspace>
</app:service>
